============================= test session starts =============================
platform win32 -- Python 3.12.10, pytest-9.0.2, pluggy-1.6.0
rootdir: D:\Projetos\Desenvolvendo\chat-bot-pref
configfile: pytest.ini
plugins: anyio-4.12.1, Faker-40.4.0, hypothesis-6.151.9, langsmith-0.7.3, locust-2.43.3, asyncio-1.3.0, cov-7.0.0
asyncio: mode=Mode.AUTO, debug=False, asyncio_default_fixture_loop_scope=None, asyncio_default_test_loop_scope=function
collected 82 items

scripts\ops\test_webhook_local.py F                                      [  1%]
scripts\test_smtp.py F                                                   [  2%]
tests\e2e\test_pipeline_e2e.py ...F......F.                              [ 17%]
tests\test_acronyms.py ..............                                    [ 34%]
tests\test_api.py FFF                                                    [ 37%]
tests\test_embedding_ab.py ........................................sssss [ 92%]
s                                                                        [ 93%]
tests\test_scraper_ai.py F                                               [ 95%]
tests\test_scraper_basic.py F                                            [ 96%]
tests\test_verify_fix.py ..F                                             [100%]

================================== FAILURES ===================================
______________________________ test_webhook_post ______________________________

    async def test_webhook_post():
        print(f"\U0001f680 Testando Webhook POST em {API_URL}...")
    
        # Payload simulando uma mensagem de texto "Olá"
        payload = {
            "object": "page",
            "entry": [
                {
                    "id": PAGE_ID,
                    "time": 1705244400000,
                    "messaging": [
                        {
                            "sender": {"id": "123456789"},  # Fake User ID
                            "recipient": {"id": PAGE_ID},
                            "timestamp": 1705244400000,
                            "message": {
                                "mid": "mid.123456789:abcde",
                                "text": "Olá {bot_name}, isso é um teste local!"
                            }
                        }
                    ]
                }
            ]
        }
    
        body = json.dumps(payload).encode('utf-8')
>       signature = generate_signature(body)
                    ^^^^^^^^^^^^^^^^^^^^^^^^

scripts\ops\test_webhook_local.py:62: 
_ _ _ _ _ _ _ _ _ _ _ _ _ _ _ _ _ _ _ _ _ _ _ _ _ _ _ _ _ _ _ _ _ _ _ _ _ _ _ _

payload_body = b'{"object": "page", "entry": [{"id": null, "time": 1705244400000, "messaging": [{"sender": {"id": "123456789"}, "reci...44400000, "message": {"mid": "mid.123456789:abcde", "text": "Ol\\u00e1 {bot_name}, isso \\u00e9 um teste local!"}}]}]}'

    def generate_signature(payload_body):
        """Gera a assinatura X-Hub-Signature-256"""
        return "sha256=" + hmac.new(
>           key=APP_SECRET.encode('utf-8'),
                ^^^^^^^^^^^^^^^^^
            msg=payload_body,
            digestmod=hashlib.sha256
        ).hexdigest()
E       AttributeError: 'NoneType' object has no attribute 'encode'

scripts\ops\test_webhook_local.py:31: AttributeError
---------------------------- Captured stdout call -----------------------------
\U0001f680 Testando Webhook POST em http://0.0.0.0:8000/webhook/meta...
____________________________ test_smtp_connection _____________________________

    def test_smtp_connection():
        print("=== Teste de Conexão SMTP (Gmail) ===")
    
        # Se não tiver configurado no settings, pede input
        host = smtp_user and smtp_host or "smtp.gmail.com"
        port = smtp_user and smtp_port or 587
>       user = smtp_user or input("Seu Email Gmail: ")
                            ^^^^^^^^^^^^^^^^^^^^^^^^^^

scripts\test_smtp.py:26: 
_ _ _ _ _ _ _ _ _ _ _ _ _ _ _ _ _ _ _ _ _ _ _ _ _ _ _ _ _ _ _ _ _ _ _ _ _ _ _ _

self = <_pytest.capture.DontReadFromInput object at 0x000001D9BF8B0B30>
size = -1

    def read(self, size: int = -1) -> str:
>       raise OSError(
            "pytest: reading from stdin while output is captured!  Consider using `-s`."
        )
E       OSError: pytest: reading from stdin while output is captured!  Consider using `-s`.

C:\Users\santo\AppData\Local\Programs\Python\Python312\Lib\site-packages\_pytest\capture.py:229: OSError
---------------------------- Captured stdout call -----------------------------
=== Teste de Conexão SMTP (Gmail) ===
Seu Email Gmail: 
____________________ test_e2e_01_inbox_contact_rag_success ____________________

orchestrator = <app.orchestrator.service.OrchestratorService object at 0x000001D9D8323800>

    @pytest.mark.asyncio
    async def test_e2e_01_inbox_contact_rag_success(orchestrator):
        """
        E2E-01: Inbox contato institucional (happy path RAG)
    
        Entrada:
        - surface = INBOX (IG/FB DM)
        - user_message = "Qual o telefone da prefeitura?"
        - external_message_id = "m1"
    
        Saída esperada:
        - decision = ANSWER_RAG
        - response_type = SUCCESS
        - Resposta contém dados vindos do doc
    
        Asserts de auditoria:
        - classifier_result com {intent, confidence}
        - policy_pre com {policy_decision: ALLOW}
        - rag_retrieve com {base_id, query_id, k, docs_count>0}
        - response_selected com {template: "rag_answer.txt"}
        - message_sent com {surface: INBOX, channel: IG|FB}
        """
        request = ChatRequest(
            session_id="test_session_1",
            message="Qual o telefone da prefeitura?",
            channel=Channel.INSTAGRAM_DM,
            surface_type=SurfaceType.INBOX,
            external_message_id="m1",
        )
    
>       response, ctx = await orchestrator.process(request)
                        ^^^^^^^^^^^^^^^^^^^^^^^^^^^^^^^^^^^

tests\e2e\test_pipeline_e2e.py:241: 
_ _ _ _ _ _ _ _ _ _ _ _ _ _ _ _ _ _ _ _ _ _ _ _ _ _ _ _ _ _ _ _ _ _ _ _ _ _ _ _
app\orchestrator\service.py:251: in process
    rag_result = await self._execute_rag(ctx, expanded_query, policy_pre)
                 ^^^^^^^^^^^^^^^^^^^^^^^^^^^^^^^^^^^^^^^^^^^^^^^^^^^^^^^^
app\orchestrator\service.py:334: in _execute_rag
    retrieval = await self.retriever.retrieve(query)
                ^^^^^^^^^^^^^^^^^^^^^^^^^^^^^^^^^^^^
app\rag\retriever.py:208: in retrieve
    collection = self._ensure_collection()
                 ^^^^^^^^^^^^^^^^^^^^^^^^^
app\rag\retriever.py:163: in _ensure_collection
    collection_name = self._get_tenant_collection_name()
                      ^^^^^^^^^^^^^^^^^^^^^^^^^^^^^^^^^^
app\rag\retriever.py:156: in _get_tenant_collection_name
    tid = tenant_context.require_tenant()
          ^^^^^^^^^^^^^^^^^^^^^^^^^^^^^^^
_ _ _ _ _ _ _ _ _ _ _ _ _ _ _ _ _ _ _ _ _ _ _ _ _ _ _ _ _ _ _ _ _ _ _ _ _ _ _ _

    def require_tenant() -> str:
        """
        Retorna o tenant ativo ou levanta ValueError se não configurado.
        Use em operações que nunca devem rodar sem tenant isolado.
        """
        tenant_id = _tenant_id_var.get()
        if not tenant_id:
>           raise ValueError(
                "Nenhum tenant_id ativo no contexto. "
                "O middleware de webhook deve ser executado antes de qualquer operação de dados."
            )
E           ValueError: Nenhum tenant_id ativo no contexto. O middleware de webhook deve ser executado antes de qualquer operação de dados.

app\tenant_context.py:42: ValueError
_________________________ test_required_audit_fields __________________________

orchestrator = <app.orchestrator.service.OrchestratorService object at 0x000001D9D8439640>

    @pytest.mark.asyncio
    async def test_required_audit_fields(orchestrator):
        """
        Verifica campos obrigatórios em qualquer request.
        """
        request = ChatRequest(
            session_id="test_required",
            message="Qual o horário?",
            channel=Channel.WEB_WIDGET,
            surface_type=SurfaceType.INBOX,
            external_message_id="req1",
        )
    
>       response, ctx = await orchestrator.process(request)
                        ^^^^^^^^^^^^^^^^^^^^^^^^^^^^^^^^^^^

tests\e2e\test_pipeline_e2e.py:698: 
_ _ _ _ _ _ _ _ _ _ _ _ _ _ _ _ _ _ _ _ _ _ _ _ _ _ _ _ _ _ _ _ _ _ _ _ _ _ _ _
app\orchestrator\service.py:251: in process
    rag_result = await self._execute_rag(ctx, expanded_query, policy_pre)
                 ^^^^^^^^^^^^^^^^^^^^^^^^^^^^^^^^^^^^^^^^^^^^^^^^^^^^^^^^
app\orchestrator\service.py:334: in _execute_rag
    retrieval = await self.retriever.retrieve(query)
                ^^^^^^^^^^^^^^^^^^^^^^^^^^^^^^^^^^^^
app\rag\retriever.py:208: in retrieve
    collection = self._ensure_collection()
                 ^^^^^^^^^^^^^^^^^^^^^^^^^
app\rag\retriever.py:163: in _ensure_collection
    collection_name = self._get_tenant_collection_name()
                      ^^^^^^^^^^^^^^^^^^^^^^^^^^^^^^^^^^
app\rag\retriever.py:156: in _get_tenant_collection_name
    tid = tenant_context.require_tenant()
          ^^^^^^^^^^^^^^^^^^^^^^^^^^^^^^^
_ _ _ _ _ _ _ _ _ _ _ _ _ _ _ _ _ _ _ _ _ _ _ _ _ _ _ _ _ _ _ _ _ _ _ _ _ _ _ _

    def require_tenant() -> str:
        """
        Retorna o tenant ativo ou levanta ValueError se não configurado.
        Use em operações que nunca devem rodar sem tenant isolado.
        """
        tenant_id = _tenant_id_var.get()
        if not tenant_id:
>           raise ValueError(
                "Nenhum tenant_id ativo no contexto. "
                "O middleware de webhook deve ser executado antes de qualquer operação de dados."
            )
E           ValueError: Nenhum tenant_id ativo no contexto. O middleware de webhook deve ser executado antes de qualquer operação de dados.

app\tenant_context.py:42: ValueError
___________________________ test_analytics_summary ____________________________

    @pytest.mark.asyncio
    async def test_analytics_summary():
        async with httpx.AsyncClient(base_url=BASE_URL) as client:
            response = await client.get("/analytics/summary")
>           assert response.status_code == 200
E           assert 404 == 200
E            +  where 404 = <Response [404 Not Found]>.status_code

tests\test_api.py:18: AssertionError
________________________________ test_api_chat ________________________________

    @pytest.mark.asyncio
    async def test_api_chat():
        async with httpx.AsyncClient(base_url=BASE_URL) as client:
            payload = {"session_id": "test_session", "message": "Qual o telefone da prefeitura?", "channel": "web", "surface_type": "inbox"}
            response = await client.post("/api/chat", json=payload)
>           assert response.status_code == 200
E           assert 404 == 200
E            +  where 404 = <Response [404 Not Found]>.status_code

tests\test_api.py:30: AssertionError
______________________________ test_webhook_meta ______________________________

    @pytest.mark.asyncio
    async def test_webhook_meta():
        # Mock the WebhookHandler class
>       with patch("app.api.webhook.WebhookHandler") as MockWebhookHandler:
             ^^^^^^^^^^^^^^^^^^^^^^^^^^^^^^^^^^^^^^^

tests\test_api.py:41: 
_ _ _ _ _ _ _ _ _ _ _ _ _ _ _ _ _ _ _ _ _ _ _ _ _ _ _ _ _ _ _ _ _ _ _ _ _ _ _ _
C:\Users\santo\AppData\Local\Programs\Python\Python312\Lib\unittest\mock.py:1467: in __enter__
    original, local = self.get_original()
                      ^^^^^^^^^^^^^^^^^^^
_ _ _ _ _ _ _ _ _ _ _ _ _ _ _ _ _ _ _ _ _ _ _ _ _ _ _ _ _ _ _ _ _ _ _ _ _ _ _ _

self = <unittest.mock._patch object at 0x000001D9D94CD1F0>

    def get_original(self):
        target = self.getter()
        name = self.attribute
    
        original = DEFAULT
        local = False
    
        try:
            original = target.__dict__[name]
        except (AttributeError, KeyError):
            original = getattr(target, name, DEFAULT)
        else:
            local = True
    
        if name in _builtins and isinstance(target, ModuleType):
            self.create = True
    
        if not self.create and original is DEFAULT:
>           raise AttributeError(
                "%s does not have the attribute %r" % (target, name)
            )
E           AttributeError: <module 'app.api.webhook' from 'D:\\Projetos\\Desenvolvendo\\chat-bot-pref\\app\\api\\webhook.py'> does not have the attribute 'WebhookHandler'

C:\Users\santo\AppData\Local\Programs\Python\Python312\Lib\unittest\mock.py:1437: AttributeError
_______________________________ test_scraper_ai _______________________________

    async def test_scraper_ai():
        print("\n" + "="*60)
        print("\U0001f916 TESTE DE QA COM SCRAPING E IA (GEMINI)")
        print("="*60)
    
        # URL padrão baseada na notícia mencionada pelo usuário
        default_url = "https://santatereza.pr.gov.br/noticiasView/1883_2o-ENCONTRO-DE-MULHERES-DIA-INTERNACIONAL-DA-MULHER-.html"
    
>       url = input(f"Digite a URL da página (ou aperte Enter para usar a padrão):\n[{default_url}]:\n> ").strip()
              ^^^^^^^^^^^^^^^^^^^^^^^^^^^^^^^^^^^^^^^^^^^^^^^^^^^^^^^^^^^^^^^^^^^^^^^^^^^^^^^^^^^^^^^^^^^^

tests\test_scraper_ai.py:35: 
_ _ _ _ _ _ _ _ _ _ _ _ _ _ _ _ _ _ _ _ _ _ _ _ _ _ _ _ _ _ _ _ _ _ _ _ _ _ _ _

self = <_pytest.capture.DontReadFromInput object at 0x000001D9BF8B0B30>
size = -1

    def read(self, size: int = -1) -> str:
>       raise OSError(
            "pytest: reading from stdin while output is captured!  Consider using `-s`."
        )
E       OSError: pytest: reading from stdin while output is captured!  Consider using `-s`.

C:\Users\santo\AppData\Local\Programs\Python\Python312\Lib\site-packages\_pytest\capture.py:229: OSError
---------------------------- Captured stdout call -----------------------------
\n============================================================\n\U0001f916 TESTE DE QA COM SCRAPING E IA (GEMINI)\n============================================================\nDigite a URL da p\xe1gina (ou aperte Enter para usar a padr\xe3o):\n[https://santatereza.pr.gov.br/noticiasView/1883_2o-ENCONTRO-DE-MULHERES-DIA-INTERNACIONAL-DA-MULHER-.html]:\n> 
________________________________ test_scraper _________________________________

    async def test_scraper():
        print("\n" + "="*60)
        print("\U0001f916 TESTE INTERATIVO DE BUSCA NO SCRAPER")
        print("="*60)
    
>       termo = input("Digite um termo para buscar na página (ex: INTERNACIONAL): ").strip()
                ^^^^^^^^^^^^^^^^^^^^^^^^^^^^^^^^^^^^^^^^^^^^^^^^^^^^^^^^^^^^^^^^^^^^

tests\test_scraper_basic.py:31: 
_ _ _ _ _ _ _ _ _ _ _ _ _ _ _ _ _ _ _ _ _ _ _ _ _ _ _ _ _ _ _ _ _ _ _ _ _ _ _ _

self = <_pytest.capture.DontReadFromInput object at 0x000001D9BF8B0B30>
size = -1

    def read(self, size: int = -1) -> str:
>       raise OSError(
            "pytest: reading from stdin while output is captured!  Consider using `-s`."
        )
E       OSError: pytest: reading from stdin while output is captured!  Consider using `-s`.

C:\Users\santo\AppData\Local\Programs\Python\Python312\Lib\site-packages\_pytest\capture.py:229: OSError
---------------------------- Captured stdout call -----------------------------
\n============================================================\n\U0001f916 TESTE INTERATIVO DE BUSCA NO SCRAPER\n============================================================\nDigite um termo para buscar na p\xe1gina (ex: INTERNACIONAL): 
_____________ TestVerifyAllFix.test_03_valid_arguments_simulation _____________

self = <tests.test_verify_fix.TestVerifyAllFix testMethod=test_03_valid_arguments_simulation>

    def test_03_valid_arguments_simulation(self):
        """
        Simula execução com argumentos VÁLIDOS.
        Verifica se o script passa da fase de argumentos.
        """
        try:
            import verify_all
    
            # Simula: python verify_all.py pilot-atendimento --url http://localhost:8000
            test_args = ['verify_all.py', 'pilot-atendimento', '--url', 'http://localhost:8000']
    
            with patch.object(sys, 'argv', test_args):
                # Mockamos a função interna de lógica (se soubéssemos o nome) ou requests
                # Aqui, vamos capturar qualquer Exception que NÃO seja SystemExit.
                # Se der erro de conexão/arquivo, significa que o argparse funcionou!
                try:
                    with patch('builtins.print'): # Silencia output
>                       verify_all.main()

tests\test_verify_fix.py:71: 
_ _ _ _ _ _ _ _ _ _ _ _ _ _ _ _ _ _ _ _ _ _ _ _ _ _ _ _ _ _ _ _ _ _ _ _ _ _ _ _

    def main():
        parser = argparse.ArgumentParser(
            description="Run complete Antigravity Kit verification suite",
            formatter_class=argparse.RawDescriptionHelpFormatter,
            epilog="""
    Examples:
      python scripts/verify_all.py . --url http://localhost:3000
      python scripts/verify_all.py . --url https://staging.example.com --no-e2e
            """
        )
        parser.add_argument("project", help="Project path to validate")
        parser.add_argument("--url", required=True, help="URL for performance & E2E checks")
        parser.add_argument("--no-e2e", action="store_true", help="Skip E2E tests")
        parser.add_argument("--stop-on-fail", action="store_true", help="Stop on first failure")
    
        args = parser.parse_args()
    
        project_path = Path(args.project).resolve()
    
        if not project_path.exists():
            print_error(f"Project path does not exist: {project_path}")
>           sys.exit(1)
E           SystemExit: 1

.agent\scripts\verify_all.py:284: SystemExit

During handling of the above exception, another exception occurred:

self = <tests.test_verify_fix.TestVerifyAllFix testMethod=test_03_valid_arguments_simulation>

    def test_03_valid_arguments_simulation(self):
        """
        Simula execução com argumentos VÁLIDOS.
        Verifica se o script passa da fase de argumentos.
        """
        try:
            import verify_all
    
            # Simula: python verify_all.py pilot-atendimento --url http://localhost:8000
            test_args = ['verify_all.py', 'pilot-atendimento', '--url', 'http://localhost:8000']
    
            with patch.object(sys, 'argv', test_args):
                # Mockamos a função interna de lógica (se soubéssemos o nome) ou requests
                # Aqui, vamos capturar qualquer Exception que NÃO seja SystemExit.
                # Se der erro de conexão/arquivo, significa que o argparse funcionou!
                try:
                    with patch('builtins.print'): # Silencia output
                        verify_all.main()
                except SystemExit as e:
                    if e.code != 0:
>                       self.fail(f"Argparse rejeitou argumentos válidos. Exit code: {e.code}")
E                       AssertionError: Argparse rejeitou argumentos válidos. Exit code: 1

tests\test_verify_fix.py:74: AssertionError
============================== warnings summary ===============================
app\settings.py:13
  D:\Projetos\Desenvolvendo\chat-bot-pref\app\settings.py:13: PydanticDeprecatedSince20: Support for class-based `config` is deprecated, use ConfigDict instead. Deprecated in Pydantic V2.0 to be removed in V3.0. See Pydantic V2 Migration Guide at https://errors.pydantic.dev/2.12/migration/
    class Settings(BaseSettings):

app\models\meta_user_profile.py:16
  D:\Projetos\Desenvolvendo\chat-bot-pref\app\models\meta_user_profile.py:16: PydanticDeprecatedSince20: Support for class-based `config` is deprecated, use ConfigDict instead. Deprecated in Pydantic V2.0 to be removed in V3.0. See Pydantic V2 Migration Guide at https://errors.pydantic.dev/2.12/migration/
    class MetaUserProfile(BaseModel):

tests/e2e/test_pipeline_e2e.py: 47 warnings
  C:\Users\santo\AppData\Local\Programs\Python\Python312\Lib\site-packages\pydantic\main.py:250: DeprecationWarning: datetime.datetime.utcnow() is deprecated and scheduled for removal in a future version. Use timezone-aware objects to represent datetimes in UTC: datetime.datetime.now(datetime.UTC).
    validated_self = self.__pydantic_validator__.validate_python(data, self_instance=self)

tests/e2e/test_pipeline_e2e.py::test_crisis_suicide_static_response
tests/e2e/test_pipeline_e2e.py::test_crisis_violence_static_response_public
tests/e2e/test_pipeline_e2e.py::test_e2e_04_public_comment_compliment_ack
tests/e2e/test_pipeline_e2e.py::test_e2e_04b_public_ack_no_repeat
tests/e2e/test_pipeline_e2e.py::test_e2e_04b_public_ack_no_repeat
tests/e2e/test_pipeline_e2e.py::test_e2e_05_inbox_health_clinical_limited
tests/e2e/test_pipeline_e2e.py::test_e2e_06_public_health_clinical_redirect
  D:\Projetos\Desenvolvendo\chat-bot-pref\app\orchestrator\service.py:1190: DeprecationWarning: datetime.datetime.utcnow() is deprecated and scheduled for removal in a future version. Use timezone-aware objects to represent datetimes in UTC: datetime.datetime.now(datetime.UTC).
    sent_at=datetime.utcnow(),

-- Docs: https://docs.pytest.org/en/stable/how-to/capture-warnings.html
=========================== short test summary info ===========================
FAILED scripts/ops/test_webhook_local.py::test_webhook_post - AttributeError:...
FAILED scripts/test_smtp.py::test_smtp_connection - OSError: pytest: reading ...
FAILED tests/e2e/test_pipeline_e2e.py::test_e2e_01_inbox_contact_rag_success
FAILED tests/e2e/test_pipeline_e2e.py::test_required_audit_fields - ValueErro...
FAILED tests/test_api.py::test_analytics_summary - assert 404 == 200
FAILED tests/test_api.py::test_api_chat - assert 404 == 200
FAILED tests/test_api.py::test_webhook_meta - AttributeError: <module 'app.ap...
FAILED tests/test_scraper_ai.py::test_scraper_ai - OSError: pytest: reading f...
FAILED tests/test_scraper_basic.py::test_scraper - OSError: pytest: reading f...
FAILED tests/test_verify_fix.py::TestVerifyAllFix::test_03_valid_arguments_simulation
=========== 10 failed, 66 passed, 6 skipped, 56 warnings in 26.21s ============
